[0.009s] Invoking command in '/home/dqw/sp_vision_tutorial_27/lecture4/homework/build/nav_hw_interfaces': CMAKE_PREFIX_PATH=/opt/ros/humble /usr/bin/cmake --build /home/dqw/sp_vision_tutorial_27/lecture4/homework/build/nav_hw_interfaces -- -j16 -l16
[0.045s] [35m[1mConsolidate compiler generated dependencies of target nav_hw_interfaces__rosidl_generator_c[0m
[0.055s] [  3%] Built target nav_hw_interfaces__cpp
[0.055s] [  6%] Built target nav_hw_interfaces__rs
[0.055s] [ 15%] Built target nav_hw_interfaces__rosidl_generator_c
[0.061s] [ 15%] Built target ament_cmake_python_copy_nav_hw_interfaces
[0.062s] [35m[1mConsolidate compiler generated dependencies of target nav_hw_interfaces__rosidl_typesupport_introspection_cpp[0m
[0.063s] [35m[1mConsolidate compiler generated dependencies of target nav_hw_interfaces__rosidl_typesupport_cpp[0m
[0.063s] [35m[1mConsolidate compiler generated dependencies of target nav_hw_interfaces__rosidl_typesupport_fastrtps_cpp[0m
[0.063s] [35m[1mConsolidate compiler generated dependencies of target nav_hw_interfaces__rosidl_typesupport_fastrtps_c[0m
[0.063s] [35m[1mConsolidate compiler generated dependencies of target nav_hw_interfaces__rosidl_typesupport_introspection_c[0m
[0.071s] [35m[1mConsolidate compiler generated dependencies of target nav_hw_interfaces__rosidl_typesupport_c[0m
[0.072s] [ 25%] Built target nav_hw_interfaces__rosidl_typesupport_fastrtps_cpp
[0.072s] [ 34%] Built target nav_hw_interfaces__rosidl_typesupport_fastrtps_c
[0.072s] [ 43%] Built target nav_hw_interfaces__rosidl_typesupport_introspection_cpp
[0.073s] [ 53%] Built target nav_hw_interfaces__rosidl_typesupport_cpp
[0.074s] [ 62%] Built target nav_hw_interfaces__rosidl_typesupport_introspection_c
[0.080s] [ 71%] Built target nav_hw_interfaces__rosidl_typesupport_c
[0.096s] [ 71%] Built target nav_hw_interfaces
[0.113s] [ 75%] Built target nav_hw_interfaces__py
[0.120s] [35m[1mConsolidate compiler generated dependencies of target nav_hw_interfaces__rosidl_generator_py[0m
[0.130s] [ 81%] Built target nav_hw_interfaces__rosidl_generator_py
[0.139s] [35m[1mConsolidate compiler generated dependencies of target nav_hw_interfaces__rosidl_typesupport_c__pyext[0m
[0.139s] [35m[1mConsolidate compiler generated dependencies of target nav_hw_interfaces__rosidl_typesupport_fastrtps_c__pyext[0m
[0.139s] [35m[1mConsolidate compiler generated dependencies of target nav_hw_interfaces__rosidl_typesupport_introspection_c__pyext[0m
[0.148s] [ 93%] Built target nav_hw_interfaces__rosidl_typesupport_fastrtps_c__pyext
[0.148s] [ 93%] Built target nav_hw_interfaces__rosidl_typesupport_introspection_c__pyext
[0.150s] [100%] Built target nav_hw_interfaces__rosidl_typesupport_c__pyext
[0.176s] running egg_info
[0.176s] writing nav_hw_interfaces.egg-info/PKG-INFO
[0.177s] writing dependency_links to nav_hw_interfaces.egg-info/dependency_links.txt
[0.177s] writing top-level names to nav_hw_interfaces.egg-info/top_level.txt
[0.178s] reading manifest file 'nav_hw_interfaces.egg-info/SOURCES.txt'
[0.178s] writing manifest file 'nav_hw_interfaces.egg-info/SOURCES.txt'
[0.197s] [100%] Built target ament_cmake_python_build_nav_hw_interfaces_egg
[0.206s] Invoked command in '/home/dqw/sp_vision_tutorial_27/lecture4/homework/build/nav_hw_interfaces' returned '0': CMAKE_PREFIX_PATH=/opt/ros/humble /usr/bin/cmake --build /home/dqw/sp_vision_tutorial_27/lecture4/homework/build/nav_hw_interfaces -- -j16 -l16
[0.212s] Invoking command in '/home/dqw/sp_vision_tutorial_27/lecture4/homework/build/nav_hw_interfaces': CMAKE_PREFIX_PATH=/opt/ros/humble /usr/bin/cmake --install /home/dqw/sp_vision_tutorial_27/lecture4/homework/build/nav_hw_interfaces
[0.218s] -- Install configuration: ""
[0.218s] -- Up-to-date: /home/dqw/sp_vision_tutorial_27/lecture4/homework/install/nav_hw_interfaces/share/ament_index/resource_index/rosidl_interfaces/nav_hw_interfaces
[0.218s] -- Up-to-date: /home/dqw/sp_vision_tutorial_27/lecture4/homework/install/nav_hw_interfaces/include/nav_hw_interfaces/nav_hw_interfaces
[0.218s] -- Up-to-date: /home/dqw/sp_vision_tutorial_27/lecture4/homework/install/nav_hw_interfaces/include/nav_hw_interfaces/nav_hw_interfaces/msg
[0.218s] -- Up-to-date: /home/dqw/sp_vision_tutorial_27/lecture4/homework/install/nav_hw_interfaces/include/nav_hw_interfaces/nav_hw_interfaces/msg/rosidl_generator_c__visibility_control.h
[0.218s] -- Up-to-date: /home/dqw/sp_vision_tutorial_27/lecture4/homework/install/nav_hw_interfaces/include/nav_hw_interfaces/nav_hw_interfaces/msg/detail
[0.218s] -- Up-to-date: /home/dqw/sp_vision_tutorial_27/lecture4/homework/install/nav_hw_interfaces/include/nav_hw_interfaces/nav_hw_interfaces/msg/detail/sensor_data__functions.h
[0.218s] -- Up-to-date: /home/dqw/sp_vision_tutorial_27/lecture4/homework/install/nav_hw_interfaces/include/nav_hw_interfaces/nav_hw_interfaces/msg/detail/sensor_data__type_support.h
[0.218s] -- Up-to-date: /home/dqw/sp_vision_tutorial_27/lecture4/homework/install/nav_hw_interfaces/include/nav_hw_interfaces/nav_hw_interfaces/msg/detail/sensor_data__struct.h
[0.218s] -- Up-to-date: /home/dqw/sp_vision_tutorial_27/lecture4/homework/install/nav_hw_interfaces/include/nav_hw_interfaces/nav_hw_interfaces/msg/detail/sensor_data__functions.c
[0.218s] -- Up-to-date: /home/dqw/sp_vision_tutorial_27/lecture4/homework/install/nav_hw_interfaces/include/nav_hw_interfaces/nav_hw_interfaces/msg/sensor_data.h
[0.218s] -- Up-to-date: /home/dqw/sp_vision_tutorial_27/lecture4/homework/install/nav_hw_interfaces/share/nav_hw_interfaces/environment/library_path.sh
[0.218s] -- Up-to-date: /home/dqw/sp_vision_tutorial_27/lecture4/homework/install/nav_hw_interfaces/share/nav_hw_interfaces/environment/library_path.dsv
[0.219s] -- Up-to-date: /home/dqw/sp_vision_tutorial_27/lecture4/homework/install/nav_hw_interfaces/lib/libnav_hw_interfaces__rosidl_generator_c.so
[0.219s] -- Up-to-date: /home/dqw/sp_vision_tutorial_27/lecture4/homework/install/nav_hw_interfaces/include/nav_hw_interfaces/nav_hw_interfaces
[0.219s] -- Up-to-date: /home/dqw/sp_vision_tutorial_27/lecture4/homework/install/nav_hw_interfaces/include/nav_hw_interfaces/nav_hw_interfaces/msg
[0.219s] -- Up-to-date: /home/dqw/sp_vision_tutorial_27/lecture4/homework/install/nav_hw_interfaces/include/nav_hw_interfaces/nav_hw_interfaces/msg/rosidl_typesupport_fastrtps_c__visibility_control.h
[0.219s] -- Up-to-date: /home/dqw/sp_vision_tutorial_27/lecture4/homework/install/nav_hw_interfaces/include/nav_hw_interfaces/nav_hw_interfaces/msg/detail
[0.219s] -- Up-to-date: /home/dqw/sp_vision_tutorial_27/lecture4/homework/install/nav_hw_interfaces/include/nav_hw_interfaces/nav_hw_interfaces/msg/detail/sensor_data__rosidl_typesupport_fastrtps_c.h
[0.219s] -- Up-to-date: /home/dqw/sp_vision_tutorial_27/lecture4/homework/install/nav_hw_interfaces/lib/libnav_hw_interfaces__rosidl_typesupport_fastrtps_c.so
[0.219s] -- Up-to-date: /home/dqw/sp_vision_tutorial_27/lecture4/homework/install/nav_hw_interfaces/include/nav_hw_interfaces/nav_hw_interfaces
[0.219s] -- Up-to-date: /home/dqw/sp_vision_tutorial_27/lecture4/homework/install/nav_hw_interfaces/include/nav_hw_interfaces/nav_hw_interfaces/msg
[0.219s] -- Up-to-date: /home/dqw/sp_vision_tutorial_27/lecture4/homework/install/nav_hw_interfaces/include/nav_hw_interfaces/nav_hw_interfaces/msg/rosidl_typesupport_introspection_c__visibility_control.h
[0.219s] -- Up-to-date: /home/dqw/sp_vision_tutorial_27/lecture4/homework/install/nav_hw_interfaces/include/nav_hw_interfaces/nav_hw_interfaces/msg/detail
[0.219s] -- Up-to-date: /home/dqw/sp_vision_tutorial_27/lecture4/homework/install/nav_hw_interfaces/include/nav_hw_interfaces/nav_hw_interfaces/msg/detail/sensor_data__rosidl_typesupport_introspection_c.h
[0.219s] -- Up-to-date: /home/dqw/sp_vision_tutorial_27/lecture4/homework/install/nav_hw_interfaces/include/nav_hw_interfaces/nav_hw_interfaces/msg/detail/sensor_data__type_support.c
[0.219s] -- Up-to-date: /home/dqw/sp_vision_tutorial_27/lecture4/homework/install/nav_hw_interfaces/lib/libnav_hw_interfaces__rosidl_typesupport_introspection_c.so
[0.219s] -- Up-to-date: /home/dqw/sp_vision_tutorial_27/lecture4/homework/install/nav_hw_interfaces/lib/libnav_hw_interfaces__rosidl_typesupport_c.so
[0.219s] -- Up-to-date: /home/dqw/sp_vision_tutorial_27/lecture4/homework/install/nav_hw_interfaces/include/nav_hw_interfaces/nav_hw_interfaces
[0.219s] -- Up-to-date: /home/dqw/sp_vision_tutorial_27/lecture4/homework/install/nav_hw_interfaces/include/nav_hw_interfaces/nav_hw_interfaces/msg
[0.219s] -- Up-to-date: /home/dqw/sp_vision_tutorial_27/lecture4/homework/install/nav_hw_interfaces/include/nav_hw_interfaces/nav_hw_interfaces/msg/rosidl_generator_cpp__visibility_control.hpp
[0.219s] -- Up-to-date: /home/dqw/sp_vision_tutorial_27/lecture4/homework/install/nav_hw_interfaces/include/nav_hw_interfaces/nav_hw_interfaces/msg/detail
[0.219s] -- Up-to-date: /home/dqw/sp_vision_tutorial_27/lecture4/homework/install/nav_hw_interfaces/include/nav_hw_interfaces/nav_hw_interfaces/msg/detail/sensor_data__traits.hpp
[0.219s] -- Up-to-date: /home/dqw/sp_vision_tutorial_27/lecture4/homework/install/nav_hw_interfaces/include/nav_hw_interfaces/nav_hw_interfaces/msg/detail/sensor_data__builder.hpp
[0.220s] -- Up-to-date: /home/dqw/sp_vision_tutorial_27/lecture4/homework/install/nav_hw_interfaces/include/nav_hw_interfaces/nav_hw_interfaces/msg/detail/sensor_data__struct.hpp
[0.220s] -- Up-to-date: /home/dqw/sp_vision_tutorial_27/lecture4/homework/install/nav_hw_interfaces/include/nav_hw_interfaces/nav_hw_interfaces/msg/detail/sensor_data__type_support.hpp
[0.220s] -- Up-to-date: /home/dqw/sp_vision_tutorial_27/lecture4/homework/install/nav_hw_interfaces/include/nav_hw_interfaces/nav_hw_interfaces/msg/sensor_data.hpp
[0.220s] -- Up-to-date: /home/dqw/sp_vision_tutorial_27/lecture4/homework/install/nav_hw_interfaces/include/nav_hw_interfaces/nav_hw_interfaces
[0.220s] -- Up-to-date: /home/dqw/sp_vision_tutorial_27/lecture4/homework/install/nav_hw_interfaces/include/nav_hw_interfaces/nav_hw_interfaces/msg
[0.220s] -- Up-to-date: /home/dqw/sp_vision_tutorial_27/lecture4/homework/install/nav_hw_interfaces/include/nav_hw_interfaces/nav_hw_interfaces/msg/rosidl_typesupport_fastrtps_cpp__visibility_control.h
[0.220s] -- Up-to-date: /home/dqw/sp_vision_tutorial_27/lecture4/homework/install/nav_hw_interfaces/include/nav_hw_interfaces/nav_hw_interfaces/msg/detail
[0.220s] -- Up-to-date: /home/dqw/sp_vision_tutorial_27/lecture4/homework/install/nav_hw_interfaces/include/nav_hw_interfaces/nav_hw_interfaces/msg/detail/dds_fastrtps
[0.220s] -- Up-to-date: /home/dqw/sp_vision_tutorial_27/lecture4/homework/install/nav_hw_interfaces/include/nav_hw_interfaces/nav_hw_interfaces/msg/detail/sensor_data__rosidl_typesupport_fastrtps_cpp.hpp
[0.220s] -- Up-to-date: /home/dqw/sp_vision_tutorial_27/lecture4/homework/install/nav_hw_interfaces/lib/libnav_hw_interfaces__rosidl_typesupport_fastrtps_cpp.so
[0.220s] -- Up-to-date: /home/dqw/sp_vision_tutorial_27/lecture4/homework/install/nav_hw_interfaces/include/nav_hw_interfaces/nav_hw_interfaces
[0.220s] -- Up-to-date: /home/dqw/sp_vision_tutorial_27/lecture4/homework/install/nav_hw_interfaces/include/nav_hw_interfaces/nav_hw_interfaces/msg
[0.220s] -- Up-to-date: /home/dqw/sp_vision_tutorial_27/lecture4/homework/install/nav_hw_interfaces/include/nav_hw_interfaces/nav_hw_interfaces/msg/detail
[0.220s] -- Up-to-date: /home/dqw/sp_vision_tutorial_27/lecture4/homework/install/nav_hw_interfaces/include/nav_hw_interfaces/nav_hw_interfaces/msg/detail/sensor_data__type_support.cpp
[0.220s] -- Up-to-date: /home/dqw/sp_vision_tutorial_27/lecture4/homework/install/nav_hw_interfaces/include/nav_hw_interfaces/nav_hw_interfaces/msg/detail/sensor_data__rosidl_typesupport_introspection_cpp.hpp
[0.221s] -- Up-to-date: /home/dqw/sp_vision_tutorial_27/lecture4/homework/install/nav_hw_interfaces/lib/libnav_hw_interfaces__rosidl_typesupport_introspection_cpp.so
[0.221s] -- Up-to-date: /home/dqw/sp_vision_tutorial_27/lecture4/homework/install/nav_hw_interfaces/lib/libnav_hw_interfaces__rosidl_typesupport_cpp.so
[0.221s] -- Up-to-date: /home/dqw/sp_vision_tutorial_27/lecture4/homework/install/nav_hw_interfaces/share/nav_hw_interfaces/environment/pythonpath.sh
[0.221s] -- Up-to-date: /home/dqw/sp_vision_tutorial_27/lecture4/homework/install/nav_hw_interfaces/share/nav_hw_interfaces/environment/pythonpath.dsv
[0.221s] -- Up-to-date: /home/dqw/sp_vision_tutorial_27/lecture4/homework/install/nav_hw_interfaces/local/lib/python3.10/dist-packages/nav_hw_interfaces-0.0.0-py3.10.egg-info
[0.221s] -- Installing: /home/dqw/sp_vision_tutorial_27/lecture4/homework/install/nav_hw_interfaces/local/lib/python3.10/dist-packages/nav_hw_interfaces-0.0.0-py3.10.egg-info/dependency_links.txt
[0.221s] -- Installing: /home/dqw/sp_vision_tutorial_27/lecture4/homework/install/nav_hw_interfaces/local/lib/python3.10/dist-packages/nav_hw_interfaces-0.0.0-py3.10.egg-info/PKG-INFO
[0.221s] -- Installing: /home/dqw/sp_vision_tutorial_27/lecture4/homework/install/nav_hw_interfaces/local/lib/python3.10/dist-packages/nav_hw_interfaces-0.0.0-py3.10.egg-info/SOURCES.txt
[0.221s] -- Installing: /home/dqw/sp_vision_tutorial_27/lecture4/homework/install/nav_hw_interfaces/local/lib/python3.10/dist-packages/nav_hw_interfaces-0.0.0-py3.10.egg-info/top_level.txt
[0.221s] -- Up-to-date: /home/dqw/sp_vision_tutorial_27/lecture4/homework/install/nav_hw_interfaces/local/lib/python3.10/dist-packages/nav_hw_interfaces
[0.221s] -- Up-to-date: /home/dqw/sp_vision_tutorial_27/lecture4/homework/install/nav_hw_interfaces/local/lib/python3.10/dist-packages/nav_hw_interfaces/_nav_hw_interfaces_s.ep.rosidl_typesupport_c.c
[0.221s] -- Up-to-date: /home/dqw/sp_vision_tutorial_27/lecture4/homework/install/nav_hw_interfaces/local/lib/python3.10/dist-packages/nav_hw_interfaces/_nav_hw_interfaces_s.ep.rosidl_typesupport_fastrtps_c.c
[0.221s] -- Up-to-date: /home/dqw/sp_vision_tutorial_27/lecture4/homework/install/nav_hw_interfaces/local/lib/python3.10/dist-packages/nav_hw_interfaces/nav_hw_interfaces_s__rosidl_typesupport_introspection_c.cpython-310-x86_64-linux-gnu.so
[0.221s] -- Up-to-date: /home/dqw/sp_vision_tutorial_27/lecture4/homework/install/nav_hw_interfaces/local/lib/python3.10/dist-packages/nav_hw_interfaces/nav_hw_interfaces_s__rosidl_typesupport_fastrtps_c.cpython-310-x86_64-linux-gnu.so
[0.221s] -- Up-to-date: /home/dqw/sp_vision_tutorial_27/lecture4/homework/install/nav_hw_interfaces/local/lib/python3.10/dist-packages/nav_hw_interfaces/__init__.py
[0.221s] -- Up-to-date: /home/dqw/sp_vision_tutorial_27/lecture4/homework/install/nav_hw_interfaces/local/lib/python3.10/dist-packages/nav_hw_interfaces/msg
[0.221s] -- Up-to-date: /home/dqw/sp_vision_tutorial_27/lecture4/homework/install/nav_hw_interfaces/local/lib/python3.10/dist-packages/nav_hw_interfaces/msg/_sensor_data_s.c
[0.221s] -- Up-to-date: /home/dqw/sp_vision_tutorial_27/lecture4/homework/install/nav_hw_interfaces/local/lib/python3.10/dist-packages/nav_hw_interfaces/msg/__init__.py
[0.221s] -- Up-to-date: /home/dqw/sp_vision_tutorial_27/lecture4/homework/install/nav_hw_interfaces/local/lib/python3.10/dist-packages/nav_hw_interfaces/msg/_sensor_data.py
[0.221s] -- Up-to-date: /home/dqw/sp_vision_tutorial_27/lecture4/homework/install/nav_hw_interfaces/local/lib/python3.10/dist-packages/nav_hw_interfaces/libnav_hw_interfaces__rosidl_generator_py.so
[0.221s] -- Up-to-date: /home/dqw/sp_vision_tutorial_27/lecture4/homework/install/nav_hw_interfaces/local/lib/python3.10/dist-packages/nav_hw_interfaces/nav_hw_interfaces_s__rosidl_typesupport_c.cpython-310-x86_64-linux-gnu.so
[0.221s] -- Up-to-date: /home/dqw/sp_vision_tutorial_27/lecture4/homework/install/nav_hw_interfaces/local/lib/python3.10/dist-packages/nav_hw_interfaces/_nav_hw_interfaces_s.ep.rosidl_typesupport_introspection_c.c
[0.240s] Listing '/home/dqw/sp_vision_tutorial_27/lecture4/homework/install/nav_hw_interfaces/local/lib/python3.10/dist-packages/nav_hw_interfaces'...
[0.240s] Listing '/home/dqw/sp_vision_tutorial_27/lecture4/homework/install/nav_hw_interfaces/local/lib/python3.10/dist-packages/nav_hw_interfaces/msg'...
[0.242s] -- Up-to-date: /home/dqw/sp_vision_tutorial_27/lecture4/homework/install/nav_hw_interfaces/local/lib/python3.10/dist-packages/nav_hw_interfaces/nav_hw_interfaces_s__rosidl_typesupport_fastrtps_c.cpython-310-x86_64-linux-gnu.so
[0.242s] -- Up-to-date: /home/dqw/sp_vision_tutorial_27/lecture4/homework/install/nav_hw_interfaces/local/lib/python3.10/dist-packages/nav_hw_interfaces/nav_hw_interfaces_s__rosidl_typesupport_introspection_c.cpython-310-x86_64-linux-gnu.so
[0.242s] -- Up-to-date: /home/dqw/sp_vision_tutorial_27/lecture4/homework/install/nav_hw_interfaces/local/lib/python3.10/dist-packages/nav_hw_interfaces/nav_hw_interfaces_s__rosidl_typesupport_c.cpython-310-x86_64-linux-gnu.so
[0.243s] -- Up-to-date: /home/dqw/sp_vision_tutorial_27/lecture4/homework/install/nav_hw_interfaces/lib/libnav_hw_interfaces__rosidl_generator_py.so
[0.243s] -- Up-to-date: /home/dqw/sp_vision_tutorial_27/lecture4/homework/install/nav_hw_interfaces/share/nav_hw_interfaces/rust
[0.243s] -- Up-to-date: /home/dqw/sp_vision_tutorial_27/lecture4/homework/install/nav_hw_interfaces/share/nav_hw_interfaces/rust/src
[0.243s] -- Up-to-date: /home/dqw/sp_vision_tutorial_27/lecture4/homework/install/nav_hw_interfaces/share/nav_hw_interfaces/rust/src/msg.rs
[0.243s] -- Up-to-date: /home/dqw/sp_vision_tutorial_27/lecture4/homework/install/nav_hw_interfaces/share/nav_hw_interfaces/rust/src/lib.rs
[0.243s] -- Up-to-date: /home/dqw/sp_vision_tutorial_27/lecture4/homework/install/nav_hw_interfaces/share/nav_hw_interfaces/rust/src/msg
[0.243s] -- Up-to-date: /home/dqw/sp_vision_tutorial_27/lecture4/homework/install/nav_hw_interfaces/share/nav_hw_interfaces/rust/src/msg/rmw.rs
[0.243s] -- Up-to-date: /home/dqw/sp_vision_tutorial_27/lecture4/homework/install/nav_hw_interfaces/share/nav_hw_interfaces/rust/build.rs
[0.243s] -- Up-to-date: /home/dqw/sp_vision_tutorial_27/lecture4/homework/install/nav_hw_interfaces/share/nav_hw_interfaces/rust/Cargo.toml
[0.244s] -- Up-to-date: /home/dqw/sp_vision_tutorial_27/lecture4/homework/install/nav_hw_interfaces/share/nav_hw_interfaces/msg/SensorData.idl
[0.244s] -- Up-to-date: /home/dqw/sp_vision_tutorial_27/lecture4/homework/install/nav_hw_interfaces/share/nav_hw_interfaces/msg/SensorData.msg
[0.244s] -- Up-to-date: /home/dqw/sp_vision_tutorial_27/lecture4/homework/install/nav_hw_interfaces/share/ament_index/resource_index/package_run_dependencies/nav_hw_interfaces
[0.244s] -- Up-to-date: /home/dqw/sp_vision_tutorial_27/lecture4/homework/install/nav_hw_interfaces/share/ament_index/resource_index/parent_prefix_path/nav_hw_interfaces
[0.244s] -- Up-to-date: /home/dqw/sp_vision_tutorial_27/lecture4/homework/install/nav_hw_interfaces/share/nav_hw_interfaces/environment/ament_prefix_path.sh
[0.244s] -- Up-to-date: /home/dqw/sp_vision_tutorial_27/lecture4/homework/install/nav_hw_interfaces/share/nav_hw_interfaces/environment/ament_prefix_path.dsv
[0.244s] -- Up-to-date: /home/dqw/sp_vision_tutorial_27/lecture4/homework/install/nav_hw_interfaces/share/nav_hw_interfaces/environment/path.sh
[0.244s] -- Up-to-date: /home/dqw/sp_vision_tutorial_27/lecture4/homework/install/nav_hw_interfaces/share/nav_hw_interfaces/environment/path.dsv
[0.244s] -- Up-to-date: /home/dqw/sp_vision_tutorial_27/lecture4/homework/install/nav_hw_interfaces/share/nav_hw_interfaces/local_setup.bash
[0.244s] -- Up-to-date: /home/dqw/sp_vision_tutorial_27/lecture4/homework/install/nav_hw_interfaces/share/nav_hw_interfaces/local_setup.sh
[0.244s] -- Up-to-date: /home/dqw/sp_vision_tutorial_27/lecture4/homework/install/nav_hw_interfaces/share/nav_hw_interfaces/local_setup.zsh
[0.244s] -- Up-to-date: /home/dqw/sp_vision_tutorial_27/lecture4/homework/install/nav_hw_interfaces/share/nav_hw_interfaces/local_setup.dsv
[0.244s] -- Installing: /home/dqw/sp_vision_tutorial_27/lecture4/homework/install/nav_hw_interfaces/share/nav_hw_interfaces/package.dsv
[0.244s] -- Up-to-date: /home/dqw/sp_vision_tutorial_27/lecture4/homework/install/nav_hw_interfaces/share/ament_index/resource_index/packages/nav_hw_interfaces
[0.244s] -- Up-to-date: /home/dqw/sp_vision_tutorial_27/lecture4/homework/install/nav_hw_interfaces/share/nav_hw_interfaces/cmake/export_nav_hw_interfaces__rosidl_generator_cExport.cmake
[0.244s] -- Up-to-date: /home/dqw/sp_vision_tutorial_27/lecture4/homework/install/nav_hw_interfaces/share/nav_hw_interfaces/cmake/export_nav_hw_interfaces__rosidl_generator_cExport-noconfig.cmake
[0.244s] -- Up-to-date: /home/dqw/sp_vision_tutorial_27/lecture4/homework/install/nav_hw_interfaces/share/nav_hw_interfaces/cmake/export_nav_hw_interfaces__rosidl_typesupport_fastrtps_cExport.cmake
[0.244s] -- Up-to-date: /home/dqw/sp_vision_tutorial_27/lecture4/homework/install/nav_hw_interfaces/share/nav_hw_interfaces/cmake/export_nav_hw_interfaces__rosidl_typesupport_fastrtps_cExport-noconfig.cmake
[0.244s] -- Up-to-date: /home/dqw/sp_vision_tutorial_27/lecture4/homework/install/nav_hw_interfaces/share/nav_hw_interfaces/cmake/nav_hw_interfaces__rosidl_typesupport_introspection_cExport.cmake
[0.244s] -- Up-to-date: /home/dqw/sp_vision_tutorial_27/lecture4/homework/install/nav_hw_interfaces/share/nav_hw_interfaces/cmake/nav_hw_interfaces__rosidl_typesupport_introspection_cExport-noconfig.cmake
[0.244s] -- Up-to-date: /home/dqw/sp_vision_tutorial_27/lecture4/homework/install/nav_hw_interfaces/share/nav_hw_interfaces/cmake/nav_hw_interfaces__rosidl_typesupport_cExport.cmake
[0.244s] -- Up-to-date: /home/dqw/sp_vision_tutorial_27/lecture4/homework/install/nav_hw_interfaces/share/nav_hw_interfaces/cmake/nav_hw_interfaces__rosidl_typesupport_cExport-noconfig.cmake
[0.244s] -- Up-to-date: /home/dqw/sp_vision_tutorial_27/lecture4/homework/install/nav_hw_interfaces/share/nav_hw_interfaces/cmake/export_nav_hw_interfaces__rosidl_generator_cppExport.cmake
[0.244s] -- Up-to-date: /home/dqw/sp_vision_tutorial_27/lecture4/homework/install/nav_hw_interfaces/share/nav_hw_interfaces/cmake/export_nav_hw_interfaces__rosidl_typesupport_fastrtps_cppExport.cmake
[0.245s] -- Up-to-date: /home/dqw/sp_vision_tutorial_27/lecture4/homework/install/nav_hw_interfaces/share/nav_hw_interfaces/cmake/export_nav_hw_interfaces__rosidl_typesupport_fastrtps_cppExport-noconfig.cmake
[0.245s] -- Up-to-date: /home/dqw/sp_vision_tutorial_27/lecture4/homework/install/nav_hw_interfaces/share/nav_hw_interfaces/cmake/nav_hw_interfaces__rosidl_typesupport_introspection_cppExport.cmake
[0.245s] -- Up-to-date: /home/dqw/sp_vision_tutorial_27/lecture4/homework/install/nav_hw_interfaces/share/nav_hw_interfaces/cmake/nav_hw_interfaces__rosidl_typesupport_introspection_cppExport-noconfig.cmake
[0.245s] -- Up-to-date: /home/dqw/sp_vision_tutorial_27/lecture4/homework/install/nav_hw_interfaces/share/nav_hw_interfaces/cmake/nav_hw_interfaces__rosidl_typesupport_cppExport.cmake
[0.245s] -- Up-to-date: /home/dqw/sp_vision_tutorial_27/lecture4/homework/install/nav_hw_interfaces/share/nav_hw_interfaces/cmake/nav_hw_interfaces__rosidl_typesupport_cppExport-noconfig.cmake
[0.245s] -- Up-to-date: /home/dqw/sp_vision_tutorial_27/lecture4/homework/install/nav_hw_interfaces/share/nav_hw_interfaces/cmake/export_nav_hw_interfaces__rosidl_generator_pyExport.cmake
[0.245s] -- Up-to-date: /home/dqw/sp_vision_tutorial_27/lecture4/homework/install/nav_hw_interfaces/share/nav_hw_interfaces/cmake/export_nav_hw_interfaces__rosidl_generator_pyExport-noconfig.cmake
[0.245s] -- Up-to-date: /home/dqw/sp_vision_tutorial_27/lecture4/homework/install/nav_hw_interfaces/share/nav_hw_interfaces/cmake/rosidl_cmake-extras.cmake
[0.245s] -- Up-to-date: /home/dqw/sp_vision_tutorial_27/lecture4/homework/install/nav_hw_interfaces/share/nav_hw_interfaces/cmake/ament_cmake_export_dependencies-extras.cmake
[0.245s] -- Up-to-date: /home/dqw/sp_vision_tutorial_27/lecture4/homework/install/nav_hw_interfaces/share/nav_hw_interfaces/cmake/ament_cmake_export_include_directories-extras.cmake
[0.245s] -- Up-to-date: /home/dqw/sp_vision_tutorial_27/lecture4/homework/install/nav_hw_interfaces/share/nav_hw_interfaces/cmake/ament_cmake_export_libraries-extras.cmake
[0.245s] -- Up-to-date: /home/dqw/sp_vision_tutorial_27/lecture4/homework/install/nav_hw_interfaces/share/nav_hw_interfaces/cmake/ament_cmake_export_targets-extras.cmake
[0.245s] -- Up-to-date: /home/dqw/sp_vision_tutorial_27/lecture4/homework/install/nav_hw_interfaces/share/nav_hw_interfaces/cmake/rosidl_cmake_export_typesupport_targets-extras.cmake
[0.245s] -- Up-to-date: /home/dqw/sp_vision_tutorial_27/lecture4/homework/install/nav_hw_interfaces/share/nav_hw_interfaces/cmake/rosidl_cmake_export_typesupport_libraries-extras.cmake
[0.245s] -- Up-to-date: /home/dqw/sp_vision_tutorial_27/lecture4/homework/install/nav_hw_interfaces/share/nav_hw_interfaces/cmake/rosidl_cmake_aggregate_target-extras.cmake
[0.245s] -- Up-to-date: /home/dqw/sp_vision_tutorial_27/lecture4/homework/install/nav_hw_interfaces/share/nav_hw_interfaces/cmake/nav_hw_interfacesConfig.cmake
[0.245s] -- Up-to-date: /home/dqw/sp_vision_tutorial_27/lecture4/homework/install/nav_hw_interfaces/share/nav_hw_interfaces/cmake/nav_hw_interfacesConfig-version.cmake
[0.245s] -- Up-to-date: /home/dqw/sp_vision_tutorial_27/lecture4/homework/install/nav_hw_interfaces/share/nav_hw_interfaces/package.xml
[0.246s] Invoked command in '/home/dqw/sp_vision_tutorial_27/lecture4/homework/build/nav_hw_interfaces' returned '0': CMAKE_PREFIX_PATH=/opt/ros/humble /usr/bin/cmake --install /home/dqw/sp_vision_tutorial_27/lecture4/homework/build/nav_hw_interfaces
