[0.007s] Invoking command in '/home/dqw/sp_vision_tutorial_27/lecture4/homework/build/qos_debugger': AMENT_PREFIX_PATH=/home/dqw/sp_vision_tutorial_27/lecture4/homework/install/nav_hw_interfaces:${AMENT_PREFIX_PATH} CMAKE_PREFIX_PATH=/home/dqw/sp_vision_tutorial_27/lecture4/homework/install/nav_hw_interfaces:/opt/ros/humble LD_LIBRARY_PATH=/home/dqw/sp_vision_tutorial_27/lecture4/homework/install/nav_hw_interfaces/lib:/opt/MVS/lib/64:/opt/MVS/lib/32:/opt/MVS/lib/64:/opt/MVS/lib/32:/opt/ros/humble/opt/rviz_ogre_vendor/lib:/opt/ros/humble/lib/x86_64-linux-gnu:/opt/ros/humble/lib:/opt/MVS/lib/64:/opt/MVS/lib/32:/opt/MVS/lib/64:/opt/MVS/lib/32:/opt/MVS/lib/64:/opt/MVS/lib/32:/opt/MVS/lib/64:/opt/MVS/lib/32 PYTHONPATH=/home/dqw/sp_vision_tutorial_27/lecture4/homework/install/nav_hw_interfaces/local/lib/python3.10/dist-packages:${PYTHONPATH} /usr/bin/cmake --build /home/dqw/sp_vision_tutorial_27/lecture4/homework/build/qos_debugger -- -j16 -l16
[0.038s] [35m[1mConsolidate compiler generated dependencies of target qos_debugger_pub[0m
[0.048s] [ 25%] [32mBuilding CXX object CMakeFiles/qos_debugger_sub.dir/src/qos_debugger_sub.cpp.o[0m
[0.050s] [ 75%] Built target qos_debugger_pub
[6.097s] [100%] [32m[1mLinking CXX executable qos_debugger_sub[0m
[6.469s] [100%] Built target qos_debugger_sub
[6.482s] Invoked command in '/home/dqw/sp_vision_tutorial_27/lecture4/homework/build/qos_debugger' returned '0': AMENT_PREFIX_PATH=/home/dqw/sp_vision_tutorial_27/lecture4/homework/install/nav_hw_interfaces:${AMENT_PREFIX_PATH} CMAKE_PREFIX_PATH=/home/dqw/sp_vision_tutorial_27/lecture4/homework/install/nav_hw_interfaces:/opt/ros/humble LD_LIBRARY_PATH=/home/dqw/sp_vision_tutorial_27/lecture4/homework/install/nav_hw_interfaces/lib:/opt/MVS/lib/64:/opt/MVS/lib/32:/opt/MVS/lib/64:/opt/MVS/lib/32:/opt/ros/humble/opt/rviz_ogre_vendor/lib:/opt/ros/humble/lib/x86_64-linux-gnu:/opt/ros/humble/lib:/opt/MVS/lib/64:/opt/MVS/lib/32:/opt/MVS/lib/64:/opt/MVS/lib/32:/opt/MVS/lib/64:/opt/MVS/lib/32:/opt/MVS/lib/64:/opt/MVS/lib/32 PYTHONPATH=/home/dqw/sp_vision_tutorial_27/lecture4/homework/install/nav_hw_interfaces/local/lib/python3.10/dist-packages:${PYTHONPATH} /usr/bin/cmake --build /home/dqw/sp_vision_tutorial_27/lecture4/homework/build/qos_debugger -- -j16 -l16
[6.484s] Invoking command in '/home/dqw/sp_vision_tutorial_27/lecture4/homework/build/qos_debugger': AMENT_PREFIX_PATH=/home/dqw/sp_vision_tutorial_27/lecture4/homework/install/nav_hw_interfaces:${AMENT_PREFIX_PATH} CMAKE_PREFIX_PATH=/home/dqw/sp_vision_tutorial_27/lecture4/homework/install/nav_hw_interfaces:/opt/ros/humble LD_LIBRARY_PATH=/home/dqw/sp_vision_tutorial_27/lecture4/homework/install/nav_hw_interfaces/lib:/opt/MVS/lib/64:/opt/MVS/lib/32:/opt/MVS/lib/64:/opt/MVS/lib/32:/opt/ros/humble/opt/rviz_ogre_vendor/lib:/opt/ros/humble/lib/x86_64-linux-gnu:/opt/ros/humble/lib:/opt/MVS/lib/64:/opt/MVS/lib/32:/opt/MVS/lib/64:/opt/MVS/lib/32:/opt/MVS/lib/64:/opt/MVS/lib/32:/opt/MVS/lib/64:/opt/MVS/lib/32 PYTHONPATH=/home/dqw/sp_vision_tutorial_27/lecture4/homework/install/nav_hw_interfaces/local/lib/python3.10/dist-packages:${PYTHONPATH} /usr/bin/cmake --install /home/dqw/sp_vision_tutorial_27/lecture4/homework/build/qos_debugger
[6.491s] -- Install configuration: ""
[6.491s] -- Up-to-date: /home/dqw/sp_vision_tutorial_27/lecture4/homework/install/qos_debugger/lib/qos_debugger/qos_debugger_pub
[6.491s] -- Installing: /home/dqw/sp_vision_tutorial_27/lecture4/homework/install/qos_debugger/lib/qos_debugger/qos_debugger_sub
[6.494s] -- Set runtime path of "/home/dqw/sp_vision_tutorial_27/lecture4/homework/install/qos_debugger/lib/qos_debugger/qos_debugger_sub" to ""
[6.494s] -- Up-to-date: /home/dqw/sp_vision_tutorial_27/lecture4/homework/install/qos_debugger/share/ament_index/resource_index/package_run_dependencies/qos_debugger
[6.495s] -- Up-to-date: /home/dqw/sp_vision_tutorial_27/lecture4/homework/install/qos_debugger/share/ament_index/resource_index/parent_prefix_path/qos_debugger
[6.495s] -- Up-to-date: /home/dqw/sp_vision_tutorial_27/lecture4/homework/install/qos_debugger/share/qos_debugger/environment/ament_prefix_path.sh
[6.495s] -- Up-to-date: /home/dqw/sp_vision_tutorial_27/lecture4/homework/install/qos_debugger/share/qos_debugger/environment/ament_prefix_path.dsv
[6.495s] -- Up-to-date: /home/dqw/sp_vision_tutorial_27/lecture4/homework/install/qos_debugger/share/qos_debugger/environment/path.sh
[6.495s] -- Up-to-date: /home/dqw/sp_vision_tutorial_27/lecture4/homework/install/qos_debugger/share/qos_debugger/environment/path.dsv
[6.495s] -- Up-to-date: /home/dqw/sp_vision_tutorial_27/lecture4/homework/install/qos_debugger/share/qos_debugger/local_setup.bash
[6.495s] -- Up-to-date: /home/dqw/sp_vision_tutorial_27/lecture4/homework/install/qos_debugger/share/qos_debugger/local_setup.sh
[6.495s] -- Up-to-date: /home/dqw/sp_vision_tutorial_27/lecture4/homework/install/qos_debugger/share/qos_debugger/local_setup.zsh
[6.495s] -- Up-to-date: /home/dqw/sp_vision_tutorial_27/lecture4/homework/install/qos_debugger/share/qos_debugger/local_setup.dsv
[6.495s] -- Installing: /home/dqw/sp_vision_tutorial_27/lecture4/homework/install/qos_debugger/share/qos_debugger/package.dsv
[6.495s] -- Up-to-date: /home/dqw/sp_vision_tutorial_27/lecture4/homework/install/qos_debugger/share/ament_index/resource_index/packages/qos_debugger
[6.496s] -- Up-to-date: /home/dqw/sp_vision_tutorial_27/lecture4/homework/install/qos_debugger/share/qos_debugger/cmake/qos_debuggerConfig.cmake
[6.496s] -- Up-to-date: /home/dqw/sp_vision_tutorial_27/lecture4/homework/install/qos_debugger/share/qos_debugger/cmake/qos_debuggerConfig-version.cmake
[6.496s] -- Up-to-date: /home/dqw/sp_vision_tutorial_27/lecture4/homework/install/qos_debugger/share/qos_debugger/package.xml
[6.496s] Invoked command in '/home/dqw/sp_vision_tutorial_27/lecture4/homework/build/qos_debugger' returned '0': AMENT_PREFIX_PATH=/home/dqw/sp_vision_tutorial_27/lecture4/homework/install/nav_hw_interfaces:${AMENT_PREFIX_PATH} CMAKE_PREFIX_PATH=/home/dqw/sp_vision_tutorial_27/lecture4/homework/install/nav_hw_interfaces:/opt/ros/humble LD_LIBRARY_PATH=/home/dqw/sp_vision_tutorial_27/lecture4/homework/install/nav_hw_interfaces/lib:/opt/MVS/lib/64:/opt/MVS/lib/32:/opt/MVS/lib/64:/opt/MVS/lib/32:/opt/ros/humble/opt/rviz_ogre_vendor/lib:/opt/ros/humble/lib/x86_64-linux-gnu:/opt/ros/humble/lib:/opt/MVS/lib/64:/opt/MVS/lib/32:/opt/MVS/lib/64:/opt/MVS/lib/32:/opt/MVS/lib/64:/opt/MVS/lib/32:/opt/MVS/lib/64:/opt/MVS/lib/32 PYTHONPATH=/home/dqw/sp_vision_tutorial_27/lecture4/homework/install/nav_hw_interfaces/local/lib/python3.10/dist-packages:${PYTHONPATH} /usr/bin/cmake --install /home/dqw/sp_vision_tutorial_27/lecture4/homework/build/qos_debugger
