[0.020s] Invoking command in '/home/dqw/sp_vision_tutorial_27/lecture4/homework/build/nav_hw_interfaces': CMAKE_PREFIX_PATH=/opt/ros/humble /usr/bin/cmake /home/dqw/sp_vision_tutorial_27/lecture4/homework/src/nav_hw_interfaces -DCMAKE_INSTALL_PREFIX=/home/dqw/sp_vision_tutorial_27/lecture4/homework/install/nav_hw_interfaces
[0.135s] -- The C compiler identification is GNU 11.4.0
[0.243s] -- The CXX compiler identification is GNU 11.4.0
[0.259s] -- Detecting C compiler ABI info
[0.345s] -- Detecting C compiler ABI info - done
[0.351s] -- Check for working C compiler: /usr/bin/cc - skipped
[0.352s] -- Detecting C compile features
[0.354s] -- Detecting C compile features - done
[0.358s] -- Detecting CXX compiler ABI info
[0.460s] -- Detecting CXX compiler ABI info - done
[0.467s] -- Check for working CXX compiler: /usr/bin/c++ - skipped
[0.467s] -- Detecting CXX compile features
[0.467s] -- Detecting CXX compile features - done
[0.478s] -- Found ament_cmake: 1.3.14 (/opt/ros/humble/share/ament_cmake/cmake)
[0.586s] -- Found Python3: /usr/bin/python3 (found version "3.10.12") found components: Interpreter 
[0.662s] -- Found rosidl_default_generators: 1.2.1 (/opt/ros/humble/share/rosidl_default_generators/cmake)
[0.667s] -- Using all available rosidl_typesupport_c: rosidl_typesupport_fastrtps_c;rosidl_typesupport_introspection_c
[0.674s] -- Found rosidl_adapter: 3.1.9 (/opt/ros/humble/share/rosidl_adapter/cmake)
[0.745s] -- Using all available rosidl_typesupport_cpp: rosidl_typesupport_fastrtps_cpp;rosidl_typesupport_introspection_cpp
[0.791s] -- Found std_msgs: 4.9.2 (/opt/ros/humble/share/std_msgs/cmake)
[1.109s] -- Found ament_cmake_ros: 0.10.1 (/opt/ros/humble/share/ament_cmake_ros/cmake)
[1.349s] -- Using all available rosidl_typesupport_c: rosidl_typesupport_fastrtps_c;rosidl_typesupport_introspection_c
[1.609s] -- Using all available rosidl_typesupport_cpp: rosidl_typesupport_fastrtps_cpp;rosidl_typesupport_introspection_cpp
[1.630s] -- Found PythonInterp: /usr/bin/python3 (found suitable version "3.10.12", minimum required is "3.6") 
[1.633s] -- Found python_cmake_module: 0.10.0 (/opt/ros/humble/share/python_cmake_module/cmake)
[1.656s] -- Found PythonLibs: /usr/lib/x86_64-linux-gnu/libpython3.10.so (found suitable version "3.10.12", minimum required is "3.5") 
[1.656s] -- Using PYTHON_EXECUTABLE: /usr/bin/python3
[1.656s] -- Using PYTHON_INCLUDE_DIRS: /usr/include/python3.10
[1.656s] -- Using PYTHON_LIBRARIES: /usr/lib/x86_64-linux-gnu/libpython3.10.so
[1.674s] -- Found PythonExtra: .so  
[1.781s] -- Configuring done
[1.804s] -- Generating done
[1.811s] -- Build files have been written to: /home/dqw/sp_vision_tutorial_27/lecture4/homework/build/nav_hw_interfaces
[1.817s] Invoked command in '/home/dqw/sp_vision_tutorial_27/lecture4/homework/build/nav_hw_interfaces' returned '0': CMAKE_PREFIX_PATH=/opt/ros/humble /usr/bin/cmake /home/dqw/sp_vision_tutorial_27/lecture4/homework/src/nav_hw_interfaces -DCMAKE_INSTALL_PREFIX=/home/dqw/sp_vision_tutorial_27/lecture4/homework/install/nav_hw_interfaces
[1.818s] Invoking command in '/home/dqw/sp_vision_tutorial_27/lecture4/homework/build/nav_hw_interfaces': CMAKE_PREFIX_PATH=/opt/ros/humble /usr/bin/cmake --build /home/dqw/sp_vision_tutorial_27/lecture4/homework/build/nav_hw_interfaces -- -j16 -l16
[1.857s] [  3%] [34m[1mGenerating C code for ROS interfaces[0m
[1.866s] [  9%] [34m[1mGenerating C++ code for ROS interfaces[0m
[1.866s] [  9%] [34m[1mGenerating Rust code for ROS interfaces[0m
[1.874s] [  9%] Built target ament_cmake_python_copy_nav_hw_interfaces
[1.983s] [  9%] Built target nav_hw_interfaces__rs
[1.990s] [  9%] Built target nav_hw_interfaces__cpp
[1.991s] running egg_info
[1.991s] creating nav_hw_interfaces.egg-info
[1.991s] writing nav_hw_interfaces.egg-info/PKG-INFO
[1.991s] writing dependency_links to nav_hw_interfaces.egg-info/dependency_links.txt
[1.991s] writing top-level names to nav_hw_interfaces.egg-info/top_level.txt
[1.992s] writing manifest file 'nav_hw_interfaces.egg-info/SOURCES.txt'
[1.997s] reading manifest file 'nav_hw_interfaces.egg-info/SOURCES.txt'
[1.997s] writing manifest file 'nav_hw_interfaces.egg-info/SOURCES.txt'
[1.997s] [ 15%] [34m[1mGenerating C++ introspection for ROS interfaces[0m
[1.997s] [ 15%] [34m[1mGenerating C++ type support for eProsima Fast-RTPS[0m
[1.998s] [ 18%] [34m[1mGenerating C++ type support dispatch for ROS interfaces[0m
[2.002s] [ 21%] [32mBuilding C object CMakeFiles/nav_hw_interfaces__rosidl_generator_c.dir/rosidl_generator_c/nav_hw_interfaces/msg/detail/sensor_data__functions.c.o[0m
[2.016s] [ 21%] Built target ament_cmake_python_build_nav_hw_interfaces_egg
[2.050s] [ 25%] [32m[1mLinking C shared library libnav_hw_interfaces__rosidl_generator_c.so[0m
[2.078s] [ 25%] Built target nav_hw_interfaces__rosidl_generator_c
[2.085s] [ 31%] [34m[1mGenerating C type support for eProsima Fast-RTPS[0m
[2.085s] [ 31%] [34m[1mGenerating C type support dispatch for ROS interfaces[0m
[2.085s] [ 34%] [34m[1mGenerating C introspection for ROS interfaces[0m
[2.109s] [ 37%] [32mBuilding CXX object CMakeFiles/nav_hw_interfaces__rosidl_typesupport_cpp.dir/rosidl_typesupport_cpp/nav_hw_interfaces/msg/sensor_data__type_support.cpp.o[0m
[2.115s] [ 43%] [32mBuilding CXX object CMakeFiles/nav_hw_interfaces__rosidl_typesupport_fastrtps_cpp.dir/rosidl_typesupport_fastrtps_cpp/nav_hw_interfaces/msg/detail/dds_fastrtps/sensor_data__type_support.cpp.o[0m
[2.115s] [ 43%] [32mBuilding CXX object CMakeFiles/nav_hw_interfaces__rosidl_typesupport_introspection_cpp.dir/rosidl_typesupport_introspection_cpp/nav_hw_interfaces/msg/detail/sensor_data__type_support.cpp.o[0m
[2.189s] [ 46%] [32mBuilding CXX object CMakeFiles/nav_hw_interfaces__rosidl_typesupport_c.dir/rosidl_typesupport_c/nav_hw_interfaces/msg/sensor_data__type_support.cpp.o[0m
[2.204s] [ 53%] [32mBuilding CXX object CMakeFiles/nav_hw_interfaces__rosidl_typesupport_fastrtps_c.dir/rosidl_typesupport_fastrtps_c/nav_hw_interfaces/msg/detail/sensor_data__type_support_c.cpp.o[0m
[2.204s] [ 53%] [32mBuilding C object CMakeFiles/nav_hw_interfaces__rosidl_typesupport_introspection_c.dir/rosidl_typesupport_introspection_c/nav_hw_interfaces/msg/detail/sensor_data__type_support.c.o[0m
[2.214s] [ 56%] [32m[1mLinking CXX shared library libnav_hw_interfaces__rosidl_typesupport_c.so[0m
[2.232s] [ 59%] [32m[1mLinking C shared library libnav_hw_interfaces__rosidl_typesupport_introspection_c.so[0m
[2.247s] [ 59%] Built target nav_hw_interfaces__rosidl_typesupport_c
[2.255s] [ 62%] [32m[1mLinking CXX shared library libnav_hw_interfaces__rosidl_typesupport_cpp.so[0m
[2.258s] [ 62%] Built target nav_hw_interfaces__rosidl_typesupport_introspection_c
[2.286s] [ 62%] Built target nav_hw_interfaces__rosidl_typesupport_cpp
[2.323s] [ 65%] [32m[1mLinking CXX shared library libnav_hw_interfaces__rosidl_typesupport_introspection_cpp.so[0m
[2.336s] [ 68%] [32m[1mLinking CXX shared library libnav_hw_interfaces__rosidl_typesupport_fastrtps_cpp.so[0m
[2.369s] [ 71%] [32m[1mLinking CXX shared library libnav_hw_interfaces__rosidl_typesupport_fastrtps_c.so[0m
[2.375s] [ 71%] Built target nav_hw_interfaces__rosidl_typesupport_introspection_cpp
[2.386s] [ 71%] Built target nav_hw_interfaces__rosidl_typesupport_fastrtps_cpp
[2.418s] [ 71%] Built target nav_hw_interfaces__rosidl_typesupport_fastrtps_c
[2.433s] [ 71%] Built target nav_hw_interfaces
[2.448s] [ 75%] [34m[1mGenerating Python code for ROS interfaces[0m
[2.590s] [ 75%] Built target nav_hw_interfaces__py
[2.606s] [ 78%] [32mBuilding C object CMakeFiles/nav_hw_interfaces__rosidl_generator_py.dir/rosidl_generator_py/nav_hw_interfaces/msg/_sensor_data_s.c.o[0m
[2.724s] [ 81%] [32m[1mLinking C shared library rosidl_generator_py/nav_hw_interfaces/libnav_hw_interfaces__rosidl_generator_py.so[0m
[2.771s] [ 81%] Built target nav_hw_interfaces__rosidl_generator_py
[2.795s] [ 84%] [32mBuilding C object CMakeFiles/nav_hw_interfaces__rosidl_typesupport_fastrtps_c__pyext.dir/rosidl_generator_py/nav_hw_interfaces/_nav_hw_interfaces_s.ep.rosidl_typesupport_fastrtps_c.c.o[0m
[2.796s] [ 90%] [32mBuilding C object CMakeFiles/nav_hw_interfaces__rosidl_typesupport_introspection_c__pyext.dir/rosidl_generator_py/nav_hw_interfaces/_nav_hw_interfaces_s.ep.rosidl_typesupport_introspection_c.c.o[0m
[2.796s] [ 90%] [32mBuilding C object CMakeFiles/nav_hw_interfaces__rosidl_typesupport_c__pyext.dir/rosidl_generator_py/nav_hw_interfaces/_nav_hw_interfaces_s.ep.rosidl_typesupport_c.c.o[0m
[2.867s] [100%] [32m[1mLinking C shared library rosidl_generator_py/nav_hw_interfaces/nav_hw_interfaces_s__rosidl_typesupport_c.cpython-310-x86_64-linux-gnu.so[0m
[2.868s] [100%] [32m[1mLinking C shared library rosidl_generator_py/nav_hw_interfaces/nav_hw_interfaces_s__rosidl_typesupport_introspection_c.cpython-310-x86_64-linux-gnu.so[0m
[2.868s] [100%] [32m[1mLinking C shared library rosidl_generator_py/nav_hw_interfaces/nav_hw_interfaces_s__rosidl_typesupport_fastrtps_c.cpython-310-x86_64-linux-gnu.so[0m
[2.894s] [100%] Built target nav_hw_interfaces__rosidl_typesupport_introspection_c__pyext
[2.894s] [100%] Built target nav_hw_interfaces__rosidl_typesupport_c__pyext
[2.894s] [100%] Built target nav_hw_interfaces__rosidl_typesupport_fastrtps_c__pyext
[2.903s] Invoked command in '/home/dqw/sp_vision_tutorial_27/lecture4/homework/build/nav_hw_interfaces' returned '0': CMAKE_PREFIX_PATH=/opt/ros/humble /usr/bin/cmake --build /home/dqw/sp_vision_tutorial_27/lecture4/homework/build/nav_hw_interfaces -- -j16 -l16
[2.909s] Invoking command in '/home/dqw/sp_vision_tutorial_27/lecture4/homework/build/nav_hw_interfaces': CMAKE_PREFIX_PATH=/opt/ros/humble /usr/bin/cmake --install /home/dqw/sp_vision_tutorial_27/lecture4/homework/build/nav_hw_interfaces
[2.915s] -- Install configuration: ""
[2.915s] -- Installing: /home/dqw/sp_vision_tutorial_27/lecture4/homework/install/nav_hw_interfaces/share/ament_index/resource_index/rosidl_interfaces/nav_hw_interfaces
[2.915s] -- Installing: /home/dqw/sp_vision_tutorial_27/lecture4/homework/install/nav_hw_interfaces/include/nav_hw_interfaces/nav_hw_interfaces
[2.915s] -- Installing: /home/dqw/sp_vision_tutorial_27/lecture4/homework/install/nav_hw_interfaces/include/nav_hw_interfaces/nav_hw_interfaces/msg
[2.915s] -- Installing: /home/dqw/sp_vision_tutorial_27/lecture4/homework/install/nav_hw_interfaces/include/nav_hw_interfaces/nav_hw_interfaces/msg/rosidl_generator_c__visibility_control.h
[2.915s] -- Installing: /home/dqw/sp_vision_tutorial_27/lecture4/homework/install/nav_hw_interfaces/include/nav_hw_interfaces/nav_hw_interfaces/msg/detail
[2.915s] -- Installing: /home/dqw/sp_vision_tutorial_27/lecture4/homework/install/nav_hw_interfaces/include/nav_hw_interfaces/nav_hw_interfaces/msg/detail/sensor_data__functions.h
[2.915s] -- Installing: /home/dqw/sp_vision_tutorial_27/lecture4/homework/install/nav_hw_interfaces/include/nav_hw_interfaces/nav_hw_interfaces/msg/detail/sensor_data__type_support.h
[2.915s] -- Installing: /home/dqw/sp_vision_tutorial_27/lecture4/homework/install/nav_hw_interfaces/include/nav_hw_interfaces/nav_hw_interfaces/msg/detail/sensor_data__struct.h
[2.915s] -- Installing: /home/dqw/sp_vision_tutorial_27/lecture4/homework/install/nav_hw_interfaces/include/nav_hw_interfaces/nav_hw_interfaces/msg/detail/sensor_data__functions.c
[2.915s] -- Installing: /home/dqw/sp_vision_tutorial_27/lecture4/homework/install/nav_hw_interfaces/include/nav_hw_interfaces/nav_hw_interfaces/msg/sensor_data.h
[2.916s] -- Installing: /home/dqw/sp_vision_tutorial_27/lecture4/homework/install/nav_hw_interfaces/share/nav_hw_interfaces/environment/library_path.sh
[2.916s] -- Installing: /home/dqw/sp_vision_tutorial_27/lecture4/homework/install/nav_hw_interfaces/share/nav_hw_interfaces/environment/library_path.dsv
[2.916s] -- Installing: /home/dqw/sp_vision_tutorial_27/lecture4/homework/install/nav_hw_interfaces/lib/libnav_hw_interfaces__rosidl_generator_c.so
[2.916s] -- Set runtime path of "/home/dqw/sp_vision_tutorial_27/lecture4/homework/install/nav_hw_interfaces/lib/libnav_hw_interfaces__rosidl_generator_c.so" to ""
[2.916s] -- Up-to-date: /home/dqw/sp_vision_tutorial_27/lecture4/homework/install/nav_hw_interfaces/include/nav_hw_interfaces/nav_hw_interfaces
[2.916s] -- Up-to-date: /home/dqw/sp_vision_tutorial_27/lecture4/homework/install/nav_hw_interfaces/include/nav_hw_interfaces/nav_hw_interfaces/msg
[2.916s] -- Installing: /home/dqw/sp_vision_tutorial_27/lecture4/homework/install/nav_hw_interfaces/include/nav_hw_interfaces/nav_hw_interfaces/msg/rosidl_typesupport_fastrtps_c__visibility_control.h
[2.916s] -- Up-to-date: /home/dqw/sp_vision_tutorial_27/lecture4/homework/install/nav_hw_interfaces/include/nav_hw_interfaces/nav_hw_interfaces/msg/detail
[2.916s] -- Installing: /home/dqw/sp_vision_tutorial_27/lecture4/homework/install/nav_hw_interfaces/include/nav_hw_interfaces/nav_hw_interfaces/msg/detail/sensor_data__rosidl_typesupport_fastrtps_c.h
[2.916s] -- Installing: /home/dqw/sp_vision_tutorial_27/lecture4/homework/install/nav_hw_interfaces/lib/libnav_hw_interfaces__rosidl_typesupport_fastrtps_c.so
[2.917s] -- Set runtime path of "/home/dqw/sp_vision_tutorial_27/lecture4/homework/install/nav_hw_interfaces/lib/libnav_hw_interfaces__rosidl_typesupport_fastrtps_c.so" to ""
[2.917s] -- Up-to-date: /home/dqw/sp_vision_tutorial_27/lecture4/homework/install/nav_hw_interfaces/include/nav_hw_interfaces/nav_hw_interfaces
[2.917s] -- Up-to-date: /home/dqw/sp_vision_tutorial_27/lecture4/homework/install/nav_hw_interfaces/include/nav_hw_interfaces/nav_hw_interfaces/msg
[2.917s] -- Installing: /home/dqw/sp_vision_tutorial_27/lecture4/homework/install/nav_hw_interfaces/include/nav_hw_interfaces/nav_hw_interfaces/msg/rosidl_typesupport_introspection_c__visibility_control.h
[2.917s] -- Up-to-date: /home/dqw/sp_vision_tutorial_27/lecture4/homework/install/nav_hw_interfaces/include/nav_hw_interfaces/nav_hw_interfaces/msg/detail
[2.917s] -- Installing: /home/dqw/sp_vision_tutorial_27/lecture4/homework/install/nav_hw_interfaces/include/nav_hw_interfaces/nav_hw_interfaces/msg/detail/sensor_data__rosidl_typesupport_introspection_c.h
[2.917s] -- Installing: /home/dqw/sp_vision_tutorial_27/lecture4/homework/install/nav_hw_interfaces/include/nav_hw_interfaces/nav_hw_interfaces/msg/detail/sensor_data__type_support.c
[2.917s] -- Installing: /home/dqw/sp_vision_tutorial_27/lecture4/homework/install/nav_hw_interfaces/lib/libnav_hw_interfaces__rosidl_typesupport_introspection_c.so
[2.917s] -- Set runtime path of "/home/dqw/sp_vision_tutorial_27/lecture4/homework/install/nav_hw_interfaces/lib/libnav_hw_interfaces__rosidl_typesupport_introspection_c.so" to ""
[2.917s] -- Installing: /home/dqw/sp_vision_tutorial_27/lecture4/homework/install/nav_hw_interfaces/lib/libnav_hw_interfaces__rosidl_typesupport_c.so
[2.917s] -- Set runtime path of "/home/dqw/sp_vision_tutorial_27/lecture4/homework/install/nav_hw_interfaces/lib/libnav_hw_interfaces__rosidl_typesupport_c.so" to ""
[2.917s] -- Up-to-date: /home/dqw/sp_vision_tutorial_27/lecture4/homework/install/nav_hw_interfaces/include/nav_hw_interfaces/nav_hw_interfaces
[2.917s] -- Up-to-date: /home/dqw/sp_vision_tutorial_27/lecture4/homework/install/nav_hw_interfaces/include/nav_hw_interfaces/nav_hw_interfaces/msg
[2.917s] -- Installing: /home/dqw/sp_vision_tutorial_27/lecture4/homework/install/nav_hw_interfaces/include/nav_hw_interfaces/nav_hw_interfaces/msg/rosidl_generator_cpp__visibility_control.hpp
[2.917s] -- Up-to-date: /home/dqw/sp_vision_tutorial_27/lecture4/homework/install/nav_hw_interfaces/include/nav_hw_interfaces/nav_hw_interfaces/msg/detail
[2.917s] -- Installing: /home/dqw/sp_vision_tutorial_27/lecture4/homework/install/nav_hw_interfaces/include/nav_hw_interfaces/nav_hw_interfaces/msg/detail/sensor_data__traits.hpp
[2.917s] -- Installing: /home/dqw/sp_vision_tutorial_27/lecture4/homework/install/nav_hw_interfaces/include/nav_hw_interfaces/nav_hw_interfaces/msg/detail/sensor_data__builder.hpp
[2.917s] -- Installing: /home/dqw/sp_vision_tutorial_27/lecture4/homework/install/nav_hw_interfaces/include/nav_hw_interfaces/nav_hw_interfaces/msg/detail/sensor_data__struct.hpp
[2.917s] -- Installing: /home/dqw/sp_vision_tutorial_27/lecture4/homework/install/nav_hw_interfaces/include/nav_hw_interfaces/nav_hw_interfaces/msg/detail/sensor_data__type_support.hpp
[2.917s] -- Installing: /home/dqw/sp_vision_tutorial_27/lecture4/homework/install/nav_hw_interfaces/include/nav_hw_interfaces/nav_hw_interfaces/msg/sensor_data.hpp
[2.917s] -- Up-to-date: /home/dqw/sp_vision_tutorial_27/lecture4/homework/install/nav_hw_interfaces/include/nav_hw_interfaces/nav_hw_interfaces
[2.917s] -- Up-to-date: /home/dqw/sp_vision_tutorial_27/lecture4/homework/install/nav_hw_interfaces/include/nav_hw_interfaces/nav_hw_interfaces/msg
[2.917s] -- Installing: /home/dqw/sp_vision_tutorial_27/lecture4/homework/install/nav_hw_interfaces/include/nav_hw_interfaces/nav_hw_interfaces/msg/rosidl_typesupport_fastrtps_cpp__visibility_control.h
[2.918s] -- Up-to-date: /home/dqw/sp_vision_tutorial_27/lecture4/homework/install/nav_hw_interfaces/include/nav_hw_interfaces/nav_hw_interfaces/msg/detail
[2.918s] -- Installing: /home/dqw/sp_vision_tutorial_27/lecture4/homework/install/nav_hw_interfaces/include/nav_hw_interfaces/nav_hw_interfaces/msg/detail/dds_fastrtps
[2.918s] -- Installing: /home/dqw/sp_vision_tutorial_27/lecture4/homework/install/nav_hw_interfaces/include/nav_hw_interfaces/nav_hw_interfaces/msg/detail/sensor_data__rosidl_typesupport_fastrtps_cpp.hpp
[2.918s] -- Installing: /home/dqw/sp_vision_tutorial_27/lecture4/homework/install/nav_hw_interfaces/lib/libnav_hw_interfaces__rosidl_typesupport_fastrtps_cpp.so
[2.918s] -- Set runtime path of "/home/dqw/sp_vision_tutorial_27/lecture4/homework/install/nav_hw_interfaces/lib/libnav_hw_interfaces__rosidl_typesupport_fastrtps_cpp.so" to ""
[2.918s] -- Up-to-date: /home/dqw/sp_vision_tutorial_27/lecture4/homework/install/nav_hw_interfaces/include/nav_hw_interfaces/nav_hw_interfaces
[2.918s] -- Up-to-date: /home/dqw/sp_vision_tutorial_27/lecture4/homework/install/nav_hw_interfaces/include/nav_hw_interfaces/nav_hw_interfaces/msg
[2.918s] -- Up-to-date: /home/dqw/sp_vision_tutorial_27/lecture4/homework/install/nav_hw_interfaces/include/nav_hw_interfaces/nav_hw_interfaces/msg/detail
[2.918s] -- Installing: /home/dqw/sp_vision_tutorial_27/lecture4/homework/install/nav_hw_interfaces/include/nav_hw_interfaces/nav_hw_interfaces/msg/detail/sensor_data__type_support.cpp
[2.918s] -- Installing: /home/dqw/sp_vision_tutorial_27/lecture4/homework/install/nav_hw_interfaces/include/nav_hw_interfaces/nav_hw_interfaces/msg/detail/sensor_data__rosidl_typesupport_introspection_cpp.hpp
[2.918s] -- Installing: /home/dqw/sp_vision_tutorial_27/lecture4/homework/install/nav_hw_interfaces/lib/libnav_hw_interfaces__rosidl_typesupport_introspection_cpp.so
[2.919s] -- Set runtime path of "/home/dqw/sp_vision_tutorial_27/lecture4/homework/install/nav_hw_interfaces/lib/libnav_hw_interfaces__rosidl_typesupport_introspection_cpp.so" to ""
[2.919s] -- Installing: /home/dqw/sp_vision_tutorial_27/lecture4/homework/install/nav_hw_interfaces/lib/libnav_hw_interfaces__rosidl_typesupport_cpp.so
[2.919s] -- Set runtime path of "/home/dqw/sp_vision_tutorial_27/lecture4/homework/install/nav_hw_interfaces/lib/libnav_hw_interfaces__rosidl_typesupport_cpp.so" to ""
[2.919s] -- Installing: /home/dqw/sp_vision_tutorial_27/lecture4/homework/install/nav_hw_interfaces/share/nav_hw_interfaces/environment/pythonpath.sh
[2.919s] -- Installing: /home/dqw/sp_vision_tutorial_27/lecture4/homework/install/nav_hw_interfaces/share/nav_hw_interfaces/environment/pythonpath.dsv
[2.919s] -- Installing: /home/dqw/sp_vision_tutorial_27/lecture4/homework/install/nav_hw_interfaces/local/lib/python3.10/dist-packages/nav_hw_interfaces-0.0.0-py3.10.egg-info
[2.919s] -- Installing: /home/dqw/sp_vision_tutorial_27/lecture4/homework/install/nav_hw_interfaces/local/lib/python3.10/dist-packages/nav_hw_interfaces-0.0.0-py3.10.egg-info/dependency_links.txt
[2.919s] -- Installing: /home/dqw/sp_vision_tutorial_27/lecture4/homework/install/nav_hw_interfaces/local/lib/python3.10/dist-packages/nav_hw_interfaces-0.0.0-py3.10.egg-info/PKG-INFO
[2.919s] -- Installing: /home/dqw/sp_vision_tutorial_27/lecture4/homework/install/nav_hw_interfaces/local/lib/python3.10/dist-packages/nav_hw_interfaces-0.0.0-py3.10.egg-info/SOURCES.txt
[2.919s] -- Installing: /home/dqw/sp_vision_tutorial_27/lecture4/homework/install/nav_hw_interfaces/local/lib/python3.10/dist-packages/nav_hw_interfaces-0.0.0-py3.10.egg-info/top_level.txt
[2.919s] -- Installing: /home/dqw/sp_vision_tutorial_27/lecture4/homework/install/nav_hw_interfaces/local/lib/python3.10/dist-packages/nav_hw_interfaces
[2.919s] -- Installing: /home/dqw/sp_vision_tutorial_27/lecture4/homework/install/nav_hw_interfaces/local/lib/python3.10/dist-packages/nav_hw_interfaces/_nav_hw_interfaces_s.ep.rosidl_typesupport_c.c
[2.919s] -- Installing: /home/dqw/sp_vision_tutorial_27/lecture4/homework/install/nav_hw_interfaces/local/lib/python3.10/dist-packages/nav_hw_interfaces/_nav_hw_interfaces_s.ep.rosidl_typesupport_fastrtps_c.c
[2.919s] -- Installing: /home/dqw/sp_vision_tutorial_27/lecture4/homework/install/nav_hw_interfaces/local/lib/python3.10/dist-packages/nav_hw_interfaces/nav_hw_interfaces_s__rosidl_typesupport_introspection_c.cpython-310-x86_64-linux-gnu.so
[2.919s] -- Installing: /home/dqw/sp_vision_tutorial_27/lecture4/homework/install/nav_hw_interfaces/local/lib/python3.10/dist-packages/nav_hw_interfaces/nav_hw_interfaces_s__rosidl_typesupport_fastrtps_c.cpython-310-x86_64-linux-gnu.so
[2.919s] -- Installing: /home/dqw/sp_vision_tutorial_27/lecture4/homework/install/nav_hw_interfaces/local/lib/python3.10/dist-packages/nav_hw_interfaces/__init__.py
[2.919s] -- Installing: /home/dqw/sp_vision_tutorial_27/lecture4/homework/install/nav_hw_interfaces/local/lib/python3.10/dist-packages/nav_hw_interfaces/msg
[2.919s] -- Installing: /home/dqw/sp_vision_tutorial_27/lecture4/homework/install/nav_hw_interfaces/local/lib/python3.10/dist-packages/nav_hw_interfaces/msg/_sensor_data_s.c
[2.919s] -- Installing: /home/dqw/sp_vision_tutorial_27/lecture4/homework/install/nav_hw_interfaces/local/lib/python3.10/dist-packages/nav_hw_interfaces/msg/__init__.py
[2.919s] -- Installing: /home/dqw/sp_vision_tutorial_27/lecture4/homework/install/nav_hw_interfaces/local/lib/python3.10/dist-packages/nav_hw_interfaces/msg/_sensor_data.py
[2.919s] -- Installing: /home/dqw/sp_vision_tutorial_27/lecture4/homework/install/nav_hw_interfaces/local/lib/python3.10/dist-packages/nav_hw_interfaces/libnav_hw_interfaces__rosidl_generator_py.so
[2.919s] -- Installing: /home/dqw/sp_vision_tutorial_27/lecture4/homework/install/nav_hw_interfaces/local/lib/python3.10/dist-packages/nav_hw_interfaces/nav_hw_interfaces_s__rosidl_typesupport_c.cpython-310-x86_64-linux-gnu.so
[2.919s] -- Installing: /home/dqw/sp_vision_tutorial_27/lecture4/homework/install/nav_hw_interfaces/local/lib/python3.10/dist-packages/nav_hw_interfaces/_nav_hw_interfaces_s.ep.rosidl_typesupport_introspection_c.c
[2.940s] Listing '/home/dqw/sp_vision_tutorial_27/lecture4/homework/install/nav_hw_interfaces/local/lib/python3.10/dist-packages/nav_hw_interfaces'...
[2.940s] Compiling '/home/dqw/sp_vision_tutorial_27/lecture4/homework/install/nav_hw_interfaces/local/lib/python3.10/dist-packages/nav_hw_interfaces/__init__.py'...
[2.940s] Listing '/home/dqw/sp_vision_tutorial_27/lecture4/homework/install/nav_hw_interfaces/local/lib/python3.10/dist-packages/nav_hw_interfaces/msg'...
[2.940s] Compiling '/home/dqw/sp_vision_tutorial_27/lecture4/homework/install/nav_hw_interfaces/local/lib/python3.10/dist-packages/nav_hw_interfaces/msg/__init__.py'...
[2.940s] Compiling '/home/dqw/sp_vision_tutorial_27/lecture4/homework/install/nav_hw_interfaces/local/lib/python3.10/dist-packages/nav_hw_interfaces/msg/_sensor_data.py'...
[2.943s] -- Installing: /home/dqw/sp_vision_tutorial_27/lecture4/homework/install/nav_hw_interfaces/local/lib/python3.10/dist-packages/nav_hw_interfaces/nav_hw_interfaces_s__rosidl_typesupport_fastrtps_c.cpython-310-x86_64-linux-gnu.so
[2.943s] -- Set runtime path of "/home/dqw/sp_vision_tutorial_27/lecture4/homework/install/nav_hw_interfaces/local/lib/python3.10/dist-packages/nav_hw_interfaces/nav_hw_interfaces_s__rosidl_typesupport_fastrtps_c.cpython-310-x86_64-linux-gnu.so" to ""
[2.943s] -- Installing: /home/dqw/sp_vision_tutorial_27/lecture4/homework/install/nav_hw_interfaces/local/lib/python3.10/dist-packages/nav_hw_interfaces/nav_hw_interfaces_s__rosidl_typesupport_introspection_c.cpython-310-x86_64-linux-gnu.so
[2.945s] -- Set runtime path of "/home/dqw/sp_vision_tutorial_27/lecture4/homework/install/nav_hw_interfaces/local/lib/python3.10/dist-packages/nav_hw_interfaces/nav_hw_interfaces_s__rosidl_typesupport_introspection_c.cpython-310-x86_64-linux-gnu.so" to ""
[2.945s] -- Installing: /home/dqw/sp_vision_tutorial_27/lecture4/homework/install/nav_hw_interfaces/local/lib/python3.10/dist-packages/nav_hw_interfaces/nav_hw_interfaces_s__rosidl_typesupport_c.cpython-310-x86_64-linux-gnu.so
[2.945s] -- Set runtime path of "/home/dqw/sp_vision_tutorial_27/lecture4/homework/install/nav_hw_interfaces/local/lib/python3.10/dist-packages/nav_hw_interfaces/nav_hw_interfaces_s__rosidl_typesupport_c.cpython-310-x86_64-linux-gnu.so" to ""
[2.945s] -- Installing: /home/dqw/sp_vision_tutorial_27/lecture4/homework/install/nav_hw_interfaces/lib/libnav_hw_interfaces__rosidl_generator_py.so
[2.945s] -- Set runtime path of "/home/dqw/sp_vision_tutorial_27/lecture4/homework/install/nav_hw_interfaces/lib/libnav_hw_interfaces__rosidl_generator_py.so" to ""
[2.945s] -- Installing: /home/dqw/sp_vision_tutorial_27/lecture4/homework/install/nav_hw_interfaces/share/nav_hw_interfaces/rust
[2.945s] -- Installing: /home/dqw/sp_vision_tutorial_27/lecture4/homework/install/nav_hw_interfaces/share/nav_hw_interfaces/rust/src
[2.945s] -- Installing: /home/dqw/sp_vision_tutorial_27/lecture4/homework/install/nav_hw_interfaces/share/nav_hw_interfaces/rust/src/msg.rs
[2.945s] -- Installing: /home/dqw/sp_vision_tutorial_27/lecture4/homework/install/nav_hw_interfaces/share/nav_hw_interfaces/rust/src/lib.rs
[2.945s] -- Installing: /home/dqw/sp_vision_tutorial_27/lecture4/homework/install/nav_hw_interfaces/share/nav_hw_interfaces/rust/src/msg
[2.945s] -- Installing: /home/dqw/sp_vision_tutorial_27/lecture4/homework/install/nav_hw_interfaces/share/nav_hw_interfaces/rust/src/msg/rmw.rs
[2.945s] -- Installing: /home/dqw/sp_vision_tutorial_27/lecture4/homework/install/nav_hw_interfaces/share/nav_hw_interfaces/rust/build.rs
[2.945s] -- Installing: /home/dqw/sp_vision_tutorial_27/lecture4/homework/install/nav_hw_interfaces/share/nav_hw_interfaces/rust/Cargo.toml
[2.945s] -- Installing: /home/dqw/sp_vision_tutorial_27/lecture4/homework/install/nav_hw_interfaces/share/nav_hw_interfaces/msg/SensorData.idl
[2.945s] -- Installing: /home/dqw/sp_vision_tutorial_27/lecture4/homework/install/nav_hw_interfaces/share/nav_hw_interfaces/msg/SensorData.msg
[2.945s] -- Installing: /home/dqw/sp_vision_tutorial_27/lecture4/homework/install/nav_hw_interfaces/share/ament_index/resource_index/package_run_dependencies/nav_hw_interfaces
[2.945s] -- Installing: /home/dqw/sp_vision_tutorial_27/lecture4/homework/install/nav_hw_interfaces/share/ament_index/resource_index/parent_prefix_path/nav_hw_interfaces
[2.945s] -- Installing: /home/dqw/sp_vision_tutorial_27/lecture4/homework/install/nav_hw_interfaces/share/nav_hw_interfaces/environment/ament_prefix_path.sh
[2.945s] -- Installing: /home/dqw/sp_vision_tutorial_27/lecture4/homework/install/nav_hw_interfaces/share/nav_hw_interfaces/environment/ament_prefix_path.dsv
[2.945s] -- Installing: /home/dqw/sp_vision_tutorial_27/lecture4/homework/install/nav_hw_interfaces/share/nav_hw_interfaces/environment/path.sh
[2.945s] -- Installing: /home/dqw/sp_vision_tutorial_27/lecture4/homework/install/nav_hw_interfaces/share/nav_hw_interfaces/environment/path.dsv
[2.945s] -- Installing: /home/dqw/sp_vision_tutorial_27/lecture4/homework/install/nav_hw_interfaces/share/nav_hw_interfaces/local_setup.bash
[2.945s] -- Installing: /home/dqw/sp_vision_tutorial_27/lecture4/homework/install/nav_hw_interfaces/share/nav_hw_interfaces/local_setup.sh
[2.945s] -- Installing: /home/dqw/sp_vision_tutorial_27/lecture4/homework/install/nav_hw_interfaces/share/nav_hw_interfaces/local_setup.zsh
[2.945s] -- Installing: /home/dqw/sp_vision_tutorial_27/lecture4/homework/install/nav_hw_interfaces/share/nav_hw_interfaces/local_setup.dsv
[2.945s] -- Installing: /home/dqw/sp_vision_tutorial_27/lecture4/homework/install/nav_hw_interfaces/share/nav_hw_interfaces/package.dsv
[2.947s] -- Installing: /home/dqw/sp_vision_tutorial_27/lecture4/homework/install/nav_hw_interfaces/share/ament_index/resource_index/packages/nav_hw_interfaces
[2.947s] -- Installing: /home/dqw/sp_vision_tutorial_27/lecture4/homework/install/nav_hw_interfaces/share/nav_hw_interfaces/cmake/export_nav_hw_interfaces__rosidl_generator_cExport.cmake
[2.947s] -- Installing: /home/dqw/sp_vision_tutorial_27/lecture4/homework/install/nav_hw_interfaces/share/nav_hw_interfaces/cmake/export_nav_hw_interfaces__rosidl_generator_cExport-noconfig.cmake
[2.947s] -- Installing: /home/dqw/sp_vision_tutorial_27/lecture4/homework/install/nav_hw_interfaces/share/nav_hw_interfaces/cmake/export_nav_hw_interfaces__rosidl_typesupport_fastrtps_cExport.cmake
[2.947s] -- Installing: /home/dqw/sp_vision_tutorial_27/lecture4/homework/install/nav_hw_interfaces/share/nav_hw_interfaces/cmake/export_nav_hw_interfaces__rosidl_typesupport_fastrtps_cExport-noconfig.cmake
[2.947s] -- Installing: /home/dqw/sp_vision_tutorial_27/lecture4/homework/install/nav_hw_interfaces/share/nav_hw_interfaces/cmake/nav_hw_interfaces__rosidl_typesupport_introspection_cExport.cmake
[2.947s] -- Installing: /home/dqw/sp_vision_tutorial_27/lecture4/homework/install/nav_hw_interfaces/share/nav_hw_interfaces/cmake/nav_hw_interfaces__rosidl_typesupport_introspection_cExport-noconfig.cmake
[2.947s] -- Installing: /home/dqw/sp_vision_tutorial_27/lecture4/homework/install/nav_hw_interfaces/share/nav_hw_interfaces/cmake/nav_hw_interfaces__rosidl_typesupport_cExport.cmake
[2.947s] -- Installing: /home/dqw/sp_vision_tutorial_27/lecture4/homework/install/nav_hw_interfaces/share/nav_hw_interfaces/cmake/nav_hw_interfaces__rosidl_typesupport_cExport-noconfig.cmake
[2.947s] -- Installing: /home/dqw/sp_vision_tutorial_27/lecture4/homework/install/nav_hw_interfaces/share/nav_hw_interfaces/cmake/export_nav_hw_interfaces__rosidl_generator_cppExport.cmake
[2.947s] -- Installing: /home/dqw/sp_vision_tutorial_27/lecture4/homework/install/nav_hw_interfaces/share/nav_hw_interfaces/cmake/export_nav_hw_interfaces__rosidl_typesupport_fastrtps_cppExport.cmake
[2.947s] -- Installing: /home/dqw/sp_vision_tutorial_27/lecture4/homework/install/nav_hw_interfaces/share/nav_hw_interfaces/cmake/export_nav_hw_interfaces__rosidl_typesupport_fastrtps_cppExport-noconfig.cmake
[2.947s] -- Installing: /home/dqw/sp_vision_tutorial_27/lecture4/homework/install/nav_hw_interfaces/share/nav_hw_interfaces/cmake/nav_hw_interfaces__rosidl_typesupport_introspection_cppExport.cmake
[2.947s] -- Installing: /home/dqw/sp_vision_tutorial_27/lecture4/homework/install/nav_hw_interfaces/share/nav_hw_interfaces/cmake/nav_hw_interfaces__rosidl_typesupport_introspection_cppExport-noconfig.cmake
[2.947s] -- Installing: /home/dqw/sp_vision_tutorial_27/lecture4/homework/install/nav_hw_interfaces/share/nav_hw_interfaces/cmake/nav_hw_interfaces__rosidl_typesupport_cppExport.cmake
[2.947s] -- Installing: /home/dqw/sp_vision_tutorial_27/lecture4/homework/install/nav_hw_interfaces/share/nav_hw_interfaces/cmake/nav_hw_interfaces__rosidl_typesupport_cppExport-noconfig.cmake
[2.947s] -- Installing: /home/dqw/sp_vision_tutorial_27/lecture4/homework/install/nav_hw_interfaces/share/nav_hw_interfaces/cmake/export_nav_hw_interfaces__rosidl_generator_pyExport.cmake
[2.947s] -- Installing: /home/dqw/sp_vision_tutorial_27/lecture4/homework/install/nav_hw_interfaces/share/nav_hw_interfaces/cmake/export_nav_hw_interfaces__rosidl_generator_pyExport-noconfig.cmake
[2.947s] -- Installing: /home/dqw/sp_vision_tutorial_27/lecture4/homework/install/nav_hw_interfaces/share/nav_hw_interfaces/cmake/rosidl_cmake-extras.cmake
[2.947s] -- Installing: /home/dqw/sp_vision_tutorial_27/lecture4/homework/install/nav_hw_interfaces/share/nav_hw_interfaces/cmake/ament_cmake_export_dependencies-extras.cmake
[2.947s] -- Installing: /home/dqw/sp_vision_tutorial_27/lecture4/homework/install/nav_hw_interfaces/share/nav_hw_interfaces/cmake/ament_cmake_export_include_directories-extras.cmake
[2.947s] -- Installing: /home/dqw/sp_vision_tutorial_27/lecture4/homework/install/nav_hw_interfaces/share/nav_hw_interfaces/cmake/ament_cmake_export_libraries-extras.cmake
[2.947s] -- Installing: /home/dqw/sp_vision_tutorial_27/lecture4/homework/install/nav_hw_interfaces/share/nav_hw_interfaces/cmake/ament_cmake_export_targets-extras.cmake
[2.947s] -- Installing: /home/dqw/sp_vision_tutorial_27/lecture4/homework/install/nav_hw_interfaces/share/nav_hw_interfaces/cmake/rosidl_cmake_export_typesupport_targets-extras.cmake
[2.947s] -- Installing: /home/dqw/sp_vision_tutorial_27/lecture4/homework/install/nav_hw_interfaces/share/nav_hw_interfaces/cmake/rosidl_cmake_export_typesupport_libraries-extras.cmake
[2.947s] -- Installing: /home/dqw/sp_vision_tutorial_27/lecture4/homework/install/nav_hw_interfaces/share/nav_hw_interfaces/cmake/rosidl_cmake_aggregate_target-extras.cmake
[2.947s] -- Installing: /home/dqw/sp_vision_tutorial_27/lecture4/homework/install/nav_hw_interfaces/share/nav_hw_interfaces/cmake/nav_hw_interfacesConfig.cmake
[2.947s] -- Installing: /home/dqw/sp_vision_tutorial_27/lecture4/homework/install/nav_hw_interfaces/share/nav_hw_interfaces/cmake/nav_hw_interfacesConfig-version.cmake
[2.947s] -- Installing: /home/dqw/sp_vision_tutorial_27/lecture4/homework/install/nav_hw_interfaces/share/nav_hw_interfaces/package.xml
[2.948s] Invoked command in '/home/dqw/sp_vision_tutorial_27/lecture4/homework/build/nav_hw_interfaces' returned '0': CMAKE_PREFIX_PATH=/opt/ros/humble /usr/bin/cmake --install /home/dqw/sp_vision_tutorial_27/lecture4/homework/build/nav_hw_interfaces
